{
  "version": "1.5.0",
  "plugins_used": [
    {
      "name": "ArtifactoryDetector"
    },
    {
      "name": "AWSKeyDetector"
    },
    {
      "name": "AzureStorageKeyDetector"
    },
    {
      "name": "Base64HighEntropyString",
      "limit": 4.5
    },
    {
      "name": "BasicAuthDetector"
    },
    {
      "name": "CloudantDetector"
    },
    {
      "name": "DiscordBotTokenDetector"
    },
    {
      "name": "GitHubTokenDetector"
    },
    {
      "name": "GitLabTokenDetector"
    },
    {
      "name": "HexHighEntropyString",
      "limit": 3.0
    },
    {
      "name": "IbmCloudIamDetector"
    },
    {
      "name": "IbmCosHmacDetector"
    },
    {
      "name": "IPPublicDetector"
    },
    {
      "name": "JwtTokenDetector"
    },
    {
      "name": "KeywordDetector",
      "keyword_exclude": ""
    },
    {
      "name": "MailchimpDetector"
    },
    {
      "name": "NpmDetector"
    },
    {
      "name": "OpenAIDetector"
    },
    {
      "name": "PrivateKeyDetector"
    },
    {
      "name": "PypiTokenDetector"
    },
    {
      "name": "SendGridDetector"
    },
    {
      "name": "SlackDetector"
    },
    {
      "name": "SoftlayerDetector"
    },
    {
      "name": "SquareOAuthDetector"
    },
    {
      "name": "StripeDetector"
    },
    {
      "name": "TelegramBotTokenDetector"
    },
    {
      "name": "TwilioKeyDetector"
    }
  ],
  "filters_used": [
    {
      "path": "detect_secrets.filters.allowlist.is_line_allowlisted"
    },
    {
      "path": "detect_secrets.filters.common.is_ignored_due_to_verification_policies",
      "min_level": 2
    },
    {
      "path": "detect_secrets.filters.heuristic.is_indirect_reference"
    },
    {
      "path": "detect_secrets.filters.heuristic.is_likely_id_string"
    },
    {
      "path": "detect_secrets.filters.heuristic.is_lock_file"
    },
    {
      "path": "detect_secrets.filters.heuristic.is_not_alphanumeric_string"
    },
    {
      "path": "detect_secrets.filters.heuristic.is_potential_uuid"
    },
    {
      "path": "detect_secrets.filters.heuristic.is_prefixed_with_dollar_sign"
    },
    {
      "path": "detect_secrets.filters.heuristic.is_sequential_string"
    },
    {
      "path": "detect_secrets.filters.heuristic.is_swagger_file"
    },
    {
      "path": "detect_secrets.filters.heuristic.is_templated_secret"
    }
  ],
  "results": {
    ".agent/skills/project-scaffolder/scripts/scaffold.py": [
      {
        "type": "Basic Auth Credentials",
        "filename": ".agent/skills/project-scaffolder/scripts/scaffold.py",
        "hashed_secret": "9d4e1e23bd5b727046a9e3b4b7db57bd8d6ee684",
        "is_verified": false,
        "line_number": 109
      }
    ],
    ".agent/skills/security-scanner/scripts/vuln_scan.py": [
      {
        "type": "Private Key",
        "filename": ".agent/skills/security-scanner/scripts/vuln_scan.py",
        "hashed_secret": "be4fc4886bd949b369d5e092eb87494f12e57e5b",
        "is_verified": false,
        "line_number": 17
      }
    ],
    "config/projects/_TEMPLATE_.yaml": [
      {
        "type": "Secret Keyword",
        "filename": "config/projects/_TEMPLATE_.yaml",
        "hashed_secret": "132f03ce9bee796d5313eb203646b0286812f552",
        "is_verified": false,
        "line_number": 28
      },
      {
        "type": "Secret Keyword",
        "filename": "config/projects/_TEMPLATE_.yaml",
        "hashed_secret": "b444ae00996bc200c2df810ab325ddc4314bf943",
        "is_verified": false,
        "line_number": 38
      }
    ],
    "dashboard-ui/src/app/api/eushipments/sync/route.ts": [
      {
        "type": "Base64 High Entropy String",
        "filename": "dashboard-ui/src/app/api/eushipments/sync/route.ts",
        "hashed_secret": "fda0a0200ec7ffd2b2b21a2d5ca03d20f63ef3c8",
        "is_verified": false,
        "line_number": 16
      }
    ],
    "docs/PROJECT_ONBOARDING_GUIDE.md": [
      {
        "type": "Secret Keyword",
        "filename": "docs/PROJECT_ONBOARDING_GUIDE.md",
        "hashed_secret": "9ad19750930e5cf133e024641c00daf5fc90c700",
        "is_verified": false,
        "line_number": 201
      },
      {
        "type": "Secret Keyword",
        "filename": "docs/PROJECT_ONBOARDING_GUIDE.md",
        "hashed_secret": "d1b7e1c27fc85c2bb6e5f2923451bbc76b156e72",
        "is_verified": false,
        "line_number": 202
      }
    ],
    "docs/_archive/06_PROJECT_CLONE_GUIDE.md": [
      {
        "type": "Secret Keyword",
        "filename": "docs/_archive/06_PROJECT_CLONE_GUIDE.md",
        "hashed_secret": "b60d121b438a380c343d5ec3c2037564b82ffef3",
        "is_verified": false,
        "line_number": 51
      }
    ],
    "docs/_archive/10_BUG_POSTMORTEM.md": [
      {
        "type": "Secret Keyword",
        "filename": "docs/_archive/10_BUG_POSTMORTEM.md",
        "hashed_secret": "72f08e49a4fc566e2af011e1e360f67bede4b889",
        "is_verified": false,
        "line_number": 165
      }
    ],
    "docs/_archive/17_3PL_AUTOMATION_REFERENCE.md": [
      {
        "type": "Secret Keyword",
        "filename": "docs/_archive/17_3PL_AUTOMATION_REFERENCE.md",
        "hashed_secret": "357207697a05d3bfa906902484398fb8f63073dd",
        "is_verified": false,
        "line_number": 848
      },
      {
        "type": "Base64 High Entropy String",
        "filename": "docs/_archive/17_3PL_AUTOMATION_REFERENCE.md",
        "hashed_secret": "56b1da4179a497ce13ebb02891053ac7bf091f78",
        "is_verified": false,
        "line_number": 850
      }
    ],
    "docs/_archive/api-1.yaml": [
      {
        "type": "Base64 High Entropy String",
        "filename": "docs/_archive/api-1.yaml",
        "hashed_secret": "ae416b42cf546afe40d055f0b1c34ecf66a26e36",
        "is_verified": false,
        "line_number": 15274
      }
    ],
    "sql/fix_zen8_phase4_products.py": [
      {
        "type": "Hex High Entropy String",
        "filename": "sql/fix_zen8_phase4_products.py",
        "hashed_secret": "58b53f0799203f31dd22136f8e5fc8b64bdfdcf7",
        "is_verified": false,
        "line_number": 47
      },
      {
        "type": "Secret Keyword",
        "filename": "sql/fix_zen8_phase4_products.py",
        "hashed_secret": "58b53f0799203f31dd22136f8e5fc8b64bdfdcf7",
        "is_verified": false,
        "line_number": 47
      }
    ]
  },
  "generated_at": "2026-03-16T14:45:17Z"
}
